
> web@0.1.0 build /Users/junaidaziz/projects/personal/junaid/codemind
> next build --turbopack

 ⚠ Warning: Next.js inferred your workspace root, but it may not be correct.
 We detected multiple lockfiles and selected the directory of /Users/junaidaziz/package-lock.json as the root directory.
 To silence this warning, set `turbopack.root` in your Next.js config, or consider removing one of the lockfiles if it's not needed.
   See https://nextjs.org/docs/app/api-reference/config/next-config-js/turbopack#root-directory for more information.
 Detected additional lockfiles: 
   * /Users/junaidaziz/projects/personal/junaid/codemind/pnpm-lock.yaml

   ▲ Next.js 15.5.4 (Turbopack)
   - Environments: .env
   - Experiments (use with caution):
     · optimizePackageImports

   Creating an optimized production build ...
 ✓ Finished writing to disk in 581ms
 ✓ Compiled successfully in 12.4s
   Linting and checking validity of types ...

./src/components/ProjectAnalyticsDashboard.tsx
717:23  Warning: Using `<img>` could result in slower LCP and higher bandwidth. Consider using `<Image />` from `next/image` or a custom image loader to automatically optimize images. This may incur additional usage or cost from your provider. See: https://nextjs.org/docs/messages/no-img-element  @next/next/no-img-element

./src/components/ui/avatar.tsx
24:5  Warning: Using `<img>` could result in slower LCP and higher bandwidth. Consider using `<Image />` from `next/image` or a custom image loader to automatically optimize images. This may incur additional usage or cost from your provider. See: https://nextjs.org/docs/messages/no-img-element  @next/next/no-img-element

./src/lib/rbac.ts
227:5  Warning: '_userRole' is defined but never used.  @typescript-eslint/no-unused-vars

./src/lib/scaffolding/ConventionAnalyzer.ts
132:27  Warning: '_projectId' is defined but never used.  @typescript-eslint/no-unused-vars
144:28  Warning: '_projectId' is defined but never used.  @typescript-eslint/no-unused-vars
161:25  Warning: '_projectId' is defined but never used.  @typescript-eslint/no-unused-vars
171:25  Warning: '_projectId' is defined but never used.  @typescript-eslint/no-unused-vars

./src/lib/scaffolding/ScaffoldingService.ts
241:55  Warning: '_projectId' is defined but never used.  @typescript-eslint/no-unused-vars
301:58  Warning: '_projectId' is defined but never used.  @typescript-eslint/no-unused-vars
306:42  Warning: '_projectId' is defined but never used.  @typescript-eslint/no-unused-vars

./src/lib/scaffolding/TemplateEngine.ts
34:11  Warning: 'entityType' is assigned a value but never used.  @typescript-eslint/no-unused-vars
251:14  Warning: '_' is assigned a value but never used.  @typescript-eslint/no-unused-vars

./src/lib/schema-drift.ts
66:14  Warning: 'err' is defined but never used.  @typescript-eslint/no-unused-vars

info  - Need to disable some ESLint rules? Learn more here: https://nextjs.org/docs/app/api-reference/config/eslint#disabling-rules
Failed to compile.

./src/app/api/organizations/route.ts:100:7
Type error: Type '({ Project: { id: string; name: string; createdAt: Date; status: string; }[]; OrganizationMember: ({ User_OrganizationMember_userIdToUser: { email: string | null; id: string; name: string | null; image: string | null; }; } & { ...; })[]; _count: { ...; }; } & { ...; })[]' is not assignable to type 'OrganizationWithMembers[]'.
  Type '{ Project: { id: string; name: string; createdAt: Date; status: string; }[]; OrganizationMember: ({ User_OrganizationMember_userIdToUser: { email: string | null; id: string; name: string | null; image: string | null; }; } & { ...; })[]; _count: { ...; }; } & { ...; }' is missing the following properties from type 'OrganizationWithMembers': members, projects

[0m [90m  98 |[39m
 [90m  99 |[39m     [36mconst[39m userOrganizations[33m:[39m [33mUserOrganizations[39m [33m=[39m {
[31m[1m>[22m[39m[90m 100 |[39m       owned[33m:[39m ownedOrganizations[33m,[39m
 [90m     |[39m       [31m[1m^[22m[39m
 [90m 101 |[39m       member[33m:[39m memberOrganizations[33m,[39m
 [90m 102 |[39m     }[33m;[39m
 [90m 103 |[39m[0m
Next.js build worker exited with code: 1 and signal: null
 ELIFECYCLE  Command failed with exit code 1.
